ParseOk (Module (SrcSpanInfo {srcInfoSpan = SrcSpan "tests/examples/Bug.hs" 1 1 3 1, srcInfoPoints = [SrcSpan "tests/examples/Bug.hs" 1 1 1 1,SrcSpan "tests/examples/Bug.hs" 1 1 1 1,SrcSpan "tests/examples/Bug.hs" 1 1 1 1,SrcSpan "tests/examples/Bug.hs" 3 1 3 1,SrcSpan "tests/examples/Bug.hs" 3 1 3 1]}) Nothing [] [ImportDecl {importAnn = SrcSpanInfo {srcInfoSpan = SrcSpan "tests/examples/Bug.hs" 1 1 1 23, srcInfoPoints = [SrcSpan "tests/examples/Bug.hs" 1 1 1 7]}, importModule = ModuleName (SrcSpanInfo {srcInfoSpan = SrcSpan "tests/examples/Bug.hs" 1 8 1 23, srcInfoPoints = []}) "Test.QuickCheck", importQualified = False, importSrc = False, importSafe = False, importPkg = Nothing, importAs = Nothing, importSpecs = Nothing}] [],[Comment False (SrcSpan "tests/examples/Bug.hs" 2 1 2 39) " prop_susShortest = 2 > 1 ==> 1 /= 2"])
