m1
  = do let
       []
m2
  = do let
       []
x = True
