Roundtrip test failed

AST 1:

Module () Nothing [] [] [DataDecl () (DataType ()) Nothing (DHApp () (DHead () (Ident () "Q")) (UnkindedVar () (Ident () "a"))) [QualConDecl () Nothing Nothing (ConDecl () (Ident () "Q") [TyVar () (Ident () "a"),TyVar () (Ident () "a")])] [],FunBind () [InfixMatch () (PVar () (Ident () "x")) (Symbol () "*") [PLit () (Negative ()) (Int () 1 "1")] (UnGuardedRhs () (App () (Var () (UnQual () (Ident () "negate"))) (Var () (UnQual () (Ident () "x"))))) Nothing],FunBind () [InfixMatch () (PApp () (UnQual () (Ident () "Just")) [PVar () (Ident () "x")]) (Symbol () "<>") [PApp () (UnQual () (Ident () "Nothing")) []] (UnGuardedRhs () (App () (Con () (UnQual () (Ident () "Just"))) (Var () (UnQual () (Ident () "x"))))) Nothing],FunBind () [Match () (Ident () "f") [PParen () (PInfixApp () (PLit () (Negative ()) (Int () 1 "1")) (UnQual () (Ident () "Q")) (PWildCard ()))] (UnGuardedRhs () (Con () (Special () (UnitCon ())))) Nothing]]

AST 2:

Module () Nothing [] [] [DataDecl () (DataType ()) Nothing (DHApp () (DHead () (Ident () "Q")) (UnkindedVar () (Ident () "a"))) [QualConDecl () Nothing Nothing (ConDecl () (Ident () "Q") [TyVar () (Ident () "a"),TyVar () (Ident () "a")])] [],FunBind () [InfixMatch () (PVar () (Ident () "x")) (Symbol () "*") [PParen () (PLit () (Negative ()) (Int () 1 "1"))] (UnGuardedRhs () (App () (Var () (UnQual () (Ident () "negate"))) (Var () (UnQual () (Ident () "x"))))) Nothing],FunBind () [InfixMatch () (PApp () (UnQual () (Ident () "Just")) [PVar () (Ident () "x")]) (Symbol () "<>") [PApp () (UnQual () (Ident () "Nothing")) []] (UnGuardedRhs () (App () (Con () (UnQual () (Ident () "Just"))) (Var () (UnQual () (Ident () "x"))))) Nothing],FunBind () [Match () (Ident () "f") [PParen () (PInfixApp () (PLit () (Negative ()) (Int () 1 "1")) (UnQual () (Ident () "Q")) (PWildCard ()))] (UnGuardedRhs () (Con () (Special () (UnitCon ())))) Nothing]]

