ParseOk (Module (SrcSpanInfo {srcInfoSpan = SrcSpan "tests/examples/FixityTests.hs" 1 1 4 1, srcInfoPoints = [SrcSpan "tests/examples/FixityTests.hs" 1 1 1 1,SrcSpan "tests/examples/FixityTests.hs" 1 1 1 1,SrcSpan "tests/examples/FixityTests.hs" 1 1 1 1,SrcSpan "tests/examples/FixityTests.hs" 4 1 4 1,SrcSpan "tests/examples/FixityTests.hs" 4 1 4 1]}) Nothing [] [] [PatBind (SrcSpanInfo {srcInfoSpan = SrcSpan "tests/examples/FixityTests.hs" 1 1 3 35, srcInfoPoints = []}) (PVar (SrcSpanInfo {srcInfoSpan = SrcSpan "tests/examples/FixityTests.hs" 1 1 1 5, srcInfoPoints = []}) (Ident (SrcSpanInfo {srcInfoSpan = SrcSpan "tests/examples/FixityTests.hs" 1 1 1 5, srcInfoPoints = []}) "main")) (UnGuardedRhs (SrcSpanInfo {srcInfoSpan = SrcSpan "tests/examples/FixityTests.hs" 1 6 3 35, srcInfoPoints = [SrcSpan "tests/examples/FixityTests.hs" 1 6 1 7]}) (InfixApp (SrcSpanInfo {srcInfoSpan = SrcSpan "tests/examples/FixityTests.hs" 1 8 3 35, srcInfoPoints = []}) (App (SrcSpanInfo {srcInfoSpan = SrcSpan "tests/examples/FixityTests.hs" 1 8 1 24, srcInfoPoints = []}) (Var (SrcSpanInfo {srcInfoSpan = SrcSpan "tests/examples/FixityTests.hs" 1 8 1 13, srcInfoPoints = []}) (UnQual (SrcSpanInfo {srcInfoSpan = SrcSpan "tests/examples/FixityTests.hs" 1 8 1 13, srcInfoPoints = []}) (Ident (SrcSpanInfo {srcInfoSpan = SrcSpan "tests/examples/FixityTests.hs" 1 8 1 13, srcInfoPoints = []}) "forM_"))) (Var (SrcSpanInfo {srcInfoSpan = SrcSpan "tests/examples/FixityTests.hs" 1 14 1 24, srcInfoPoints = []}) (UnQual (SrcSpanInfo {srcInfoSpan = SrcSpan "tests/examples/FixityTests.hs" 1 14 1 24, srcInfoPoints = []}) (Ident (SrcSpanInfo {srcInfoSpan = SrcSpan "tests/examples/FixityTests.hs" 1 14 1 24, srcInfoPoints = []}) "cmdReports")))) (QVarOp (SrcSpanInfo {srcInfoSpan = SrcSpan "tests/examples/FixityTests.hs" 1 25 1 26, srcInfoPoints = []}) (UnQual (SrcSpanInfo {srcInfoSpan = SrcSpan "tests/examples/FixityTests.hs" 1 25 1 26, srcInfoPoints = []}) (Symbol (SrcSpanInfo {srcInfoSpan = SrcSpan "tests/examples/FixityTests.hs" 1 25 1 26, srcInfoPoints = []}) "$"))) (Lambda (SrcSpanInfo {srcInfoSpan = SrcSpan "tests/examples/FixityTests.hs" 1 27 3 35, srcInfoPoints = [SrcSpan "tests/examples/FixityTests.hs" 1 27 1 28,SrcSpan "tests/examples/FixityTests.hs" 1 30 1 32]}) [PVar (SrcSpanInfo {srcInfoSpan = SrcSpan "tests/examples/FixityTests.hs" 1 28 1 29, srcInfoPoints = []}) (Ident (SrcSpanInfo {srcInfoSpan = SrcSpan "tests/examples/FixityTests.hs" 1 28 1 29, srcInfoPoints = []}) "x")] (Do (SrcSpanInfo {srcInfoSpan = SrcSpan "tests/examples/FixityTests.hs" 1 33 3 35, srcInfoPoints = [SrcSpan "tests/examples/FixityTests.hs" 1 33 1 35,SrcSpan "tests/examples/FixityTests.hs" 2 16 2 16,SrcSpan "tests/examples/FixityTests.hs" 3 16 3 16,SrcSpan "tests/examples/FixityTests.hs" 4 1 4 0]}) [Qualifier (SrcSpanInfo {srcInfoSpan = SrcSpan "tests/examples/FixityTests.hs" 2 16 2 62, srcInfoPoints = []}) (InfixApp (SrcSpanInfo {srcInfoSpan = SrcSpan "tests/examples/FixityTests.hs" 2 16 2 62, srcInfoPoints = []}) (Var (SrcSpanInfo {srcInfoSpan = SrcSpan "tests/examples/FixityTests.hs" 2 16 2 24, srcInfoPoints = []}) (UnQual (SrcSpanInfo {srcInfoSpan = SrcSpan "tests/examples/FixityTests.hs" 2 16 2 24, srcInfoPoints = []}) (Ident (SrcSpanInfo {srcInfoSpan = SrcSpan "tests/examples/FixityTests.hs" 2 16 2 24, srcInfoPoints = []}) "putStrLn"))) (QVarOp (SrcSpanInfo {srcInfoSpan = SrcSpan "tests/examples/FixityTests.hs" 2 25 2 26, srcInfoPoints = []}) (UnQual (SrcSpanInfo {srcInfoSpan = SrcSpan "tests/examples/FixityTests.hs" 2 25 2 26, srcInfoPoints = []}) (Symbol (SrcSpanInfo {srcInfoSpan = SrcSpan "tests/examples/FixityTests.hs" 2 25 2 26, srcInfoPoints = []}) "$"))) (InfixApp (SrcSpanInfo {srcInfoSpan = SrcSpan "tests/examples/FixityTests.hs" 2 27 2 62, srcInfoPoints = []}) (Lit (SrcSpanInfo {srcInfoSpan = SrcSpan "tests/examples/FixityTests.hs" 2 27 2 47, srcInfoPoints = []}) (String (SrcSpanInfo {srcInfoSpan = SrcSpan "tests/examples/FixityTests.hs" 2 27 2 47, srcInfoPoints = []}) "Writing report to " "Writing report to ")) (QVarOp (SrcSpanInfo {srcInfoSpan = SrcSpan "tests/examples/FixityTests.hs" 2 48 2 50, srcInfoPoints = []}) (UnQual (SrcSpanInfo {srcInfoSpan = SrcSpan "tests/examples/FixityTests.hs" 2 48 2 50, srcInfoPoints = []}) (Symbol (SrcSpanInfo {srcInfoSpan = SrcSpan "tests/examples/FixityTests.hs" 2 48 2 50, srcInfoPoints = []}) "++"))) (InfixApp (SrcSpanInfo {srcInfoSpan = SrcSpan "tests/examples/FixityTests.hs" 2 51 2 62, srcInfoPoints = []}) (Var (SrcSpanInfo {srcInfoSpan = SrcSpan "tests/examples/FixityTests.hs" 2 51 2 52, srcInfoPoints = []}) (UnQual (SrcSpanInfo {srcInfoSpan = SrcSpan "tests/examples/FixityTests.hs" 2 51 2 52, srcInfoPoints = []}) (Ident (SrcSpanInfo {srcInfoSpan = SrcSpan "tests/examples/FixityTests.hs" 2 51 2 52, srcInfoPoints = []}) "x"))) (QVarOp (SrcSpanInfo {srcInfoSpan = SrcSpan "tests/examples/FixityTests.hs" 2 53 2 55, srcInfoPoints = []}) (UnQual (SrcSpanInfo {srcInfoSpan = SrcSpan "tests/examples/FixityTests.hs" 2 53 2 55, srcInfoPoints = []}) (Symbol (SrcSpanInfo {srcInfoSpan = SrcSpan "tests/examples/FixityTests.hs" 2 53 2 55, srcInfoPoints = []}) "++"))) (Lit (SrcSpanInfo {srcInfoSpan = SrcSpan "tests/examples/FixityTests.hs" 2 56 2 62, srcInfoPoints = []}) (String (SrcSpanInfo {srcInfoSpan = SrcSpan "tests/examples/FixityTests.hs" 2 56 2 62, srcInfoPoints = []}) " ..." " ..."))))),Qualifier (SrcSpanInfo {srcInfoSpan = SrcSpan "tests/examples/FixityTests.hs" 3 16 3 35, srcInfoPoints = []}) (App (SrcSpanInfo {srcInfoSpan = SrcSpan "tests/examples/FixityTests.hs" 3 16 3 35, srcInfoPoints = []}) (App (SrcSpanInfo {srcInfoSpan = SrcSpan "tests/examples/FixityTests.hs" 3 16 3 29, srcInfoPoints = []}) (Var (SrcSpanInfo {srcInfoSpan = SrcSpan "tests/examples/FixityTests.hs" 3 16 3 27, srcInfoPoints = []}) (UnQual (SrcSpanInfo {srcInfoSpan = SrcSpan "tests/examples/FixityTests.hs" 3 16 3 27, srcInfoPoints = []}) (Ident (SrcSpanInfo {srcInfoSpan = SrcSpan "tests/examples/FixityTests.hs" 3 16 3 27, srcInfoPoints = []}) "writeReport"))) (Var (SrcSpanInfo {srcInfoSpan = SrcSpan "tests/examples/FixityTests.hs" 3 28 3 29, srcInfoPoints = []}) (UnQual (SrcSpanInfo {srcInfoSpan = SrcSpan "tests/examples/FixityTests.hs" 3 28 3 29, srcInfoPoints = []}) (Ident (SrcSpanInfo {srcInfoSpan = SrcSpan "tests/examples/FixityTests.hs" 3 28 3 29, srcInfoPoints = []}) "x")))) (Var (SrcSpanInfo {srcInfoSpan = SrcSpan "tests/examples/FixityTests.hs" 3 30 3 35, srcInfoPoints = []}) (UnQual (SrcSpanInfo {srcInfoSpan = SrcSpan "tests/examples/FixityTests.hs" 3 30 3 35, srcInfoPoints = []}) (Ident (SrcSpanInfo {srcInfoSpan = SrcSpan "tests/examples/FixityTests.hs" 3 30 3 35, srcInfoPoints = []}) "ideas"))))])))) Nothing],[])
