ParseOk (Module (SrcSpanInfo {srcInfoSpan = SrcSpan {srcSpanFilename = "tests/examples/GroupKeyword.hs", srcSpanStartLine = 2, srcSpanStartColumn = 1, srcSpanEndLine = 5, srcSpanEndColumn = 1}, srcInfoPoints = [SrcSpan {srcSpanFilename = "tests/examples/GroupKeyword.hs", srcSpanStartLine = 2, srcSpanStartColumn = 1, srcSpanEndLine = 2, srcSpanEndColumn = 1},SrcSpan {srcSpanFilename = "tests/examples/GroupKeyword.hs", srcSpanStartLine = 2, srcSpanStartColumn = 1, srcSpanEndLine = 2, srcSpanEndColumn = 1},SrcSpan {srcSpanFilename = "tests/examples/GroupKeyword.hs", srcSpanStartLine = 4, srcSpanStartColumn = 1, srcSpanEndLine = 4, srcSpanEndColumn = 1},SrcSpan {srcSpanFilename = "tests/examples/GroupKeyword.hs", srcSpanStartLine = 5, srcSpanStartColumn = 1, srcSpanEndLine = 5, srcSpanEndColumn = 1},SrcSpan {srcSpanFilename = "tests/examples/GroupKeyword.hs", srcSpanStartLine = 5, srcSpanStartColumn = 1, srcSpanEndLine = 5, srcSpanEndColumn = 1}]}) (Just (ModuleHead (SrcSpanInfo {srcInfoSpan = SrcSpan {srcSpanFilename = "tests/examples/GroupKeyword.hs", srcSpanStartLine = 2, srcSpanStartColumn = 1, srcSpanEndLine = 2, srcSpanEndColumn = 26}, srcInfoPoints = [SrcSpan {srcSpanFilename = "tests/examples/GroupKeyword.hs", srcSpanStartLine = 2, srcSpanStartColumn = 1, srcSpanEndLine = 2, srcSpanEndColumn = 7},SrcSpan {srcSpanFilename = "tests/examples/GroupKeyword.hs", srcSpanStartLine = 2, srcSpanStartColumn = 21, srcSpanEndLine = 2, srcSpanEndColumn = 26}]}) (ModuleName (SrcSpanInfo {srcInfoSpan = SrcSpan {srcSpanFilename = "tests/examples/GroupKeyword.hs", srcSpanStartLine = 2, srcSpanStartColumn = 8, srcSpanEndLine = 2, srcSpanEndColumn = 20}, srcInfoPoints = []}) "GroupKeyword") Nothing Nothing)) [] [] [PatBind (SrcSpanInfo {srcInfoSpan = SrcSpan {srcSpanFilename = "tests/examples/GroupKeyword.hs", srcSpanStartLine = 4, srcSpanStartColumn = 1, srcSpanEndLine = 4, srcSpanEndColumn = 37}, srcInfoPoints = []}) (PVar (SrcSpanInfo {srcInfoSpan = SrcSpan {srcSpanFilename = "tests/examples/GroupKeyword.hs", srcSpanStartLine = 4, srcSpanStartColumn = 1, srcSpanEndLine = 4, srcSpanEndColumn = 2}, srcInfoPoints = []}) (Ident (SrcSpanInfo {srcInfoSpan = SrcSpan {srcSpanFilename = "tests/examples/GroupKeyword.hs", srcSpanStartLine = 4, srcSpanStartColumn = 1, srcSpanEndLine = 4, srcSpanEndColumn = 2}, srcInfoPoints = []}) "a")) (UnGuardedRhs (SrcSpanInfo {srcInfoSpan = SrcSpan {srcSpanFilename = "tests/examples/GroupKeyword.hs", srcSpanStartLine = 4, srcSpanStartColumn = 3, srcSpanEndLine = 4, srcSpanEndColumn = 37}, srcInfoPoints = [SrcSpan {srcSpanFilename = "tests/examples/GroupKeyword.hs", srcSpanStartLine = 4, srcSpanStartColumn = 3, srcSpanEndLine = 4, srcSpanEndColumn = 4}]}) (InfixApp (SrcSpanInfo {srcInfoSpan = SrcSpan {srcSpanFilename = "tests/examples/GroupKeyword.hs", srcSpanStartLine = 4, srcSpanStartColumn = 5, srcSpanEndLine = 4, srcSpanEndColumn = 37}, srcInfoPoints = []}) (App (SrcSpanInfo {srcInfoSpan = SrcSpan {srcSpanFilename = "tests/examples/GroupKeyword.hs", srcSpanStartLine = 4, srcSpanStartColumn = 5, srcSpanEndLine = 4, srcSpanEndColumn = 13}, srcInfoPoints = []}) (Var (SrcSpanInfo {srcInfoSpan = SrcSpan {srcSpanFilename = "tests/examples/GroupKeyword.hs", srcSpanStartLine = 4, srcSpanStartColumn = 5, srcSpanEndLine = 4, srcSpanEndColumn = 8}, srcInfoPoints = []}) (UnQual (SrcSpanInfo {srcInfoSpan = SrcSpan {srcSpanFilename = "tests/examples/GroupKeyword.hs", srcSpanStartLine = 4, srcSpanStartColumn = 5, srcSpanEndLine = 4, srcSpanEndColumn = 8}, srcInfoPoints = []}) (Ident (SrcSpanInfo {srcInfoSpan = SrcSpan {srcSpanFilename = "tests/examples/GroupKeyword.hs", srcSpanStartLine = 4, srcSpanStartColumn = 5, srcSpanEndLine = 4, srcSpanEndColumn = 8}, srcInfoPoints = []}) "map"))) (Var (SrcSpanInfo {srcInfoSpan = SrcSpan {srcSpanFilename = "tests/examples/GroupKeyword.hs", srcSpanStartLine = 4, srcSpanStartColumn = 9, srcSpanEndLine = 4, srcSpanEndColumn = 13}, srcInfoPoints = []}) (UnQual (SrcSpanInfo {srcInfoSpan = SrcSpan {srcSpanFilename = "tests/examples/GroupKeyword.hs", srcSpanStartLine = 4, srcSpanStartColumn = 9, srcSpanEndLine = 4, srcSpanEndColumn = 13}, srcInfoPoints = []}) (Ident (SrcSpanInfo {srcInfoSpan = SrcSpan {srcSpanFilename = "tests/examples/GroupKeyword.hs", srcSpanStartLine = 4, srcSpanStartColumn = 9, srcSpanEndLine = 4, srcSpanEndColumn = 13}, srcInfoPoints = []}) "head")))) (QVarOp (SrcSpanInfo {srcInfoSpan = SrcSpan {srcSpanFilename = "tests/examples/GroupKeyword.hs", srcSpanStartLine = 4, srcSpanStartColumn = 14, srcSpanEndLine = 4, srcSpanEndColumn = 15}, srcInfoPoints = []}) (UnQual (SrcSpanInfo {srcInfoSpan = SrcSpan {srcSpanFilename = "tests/examples/GroupKeyword.hs", srcSpanStartLine = 4, srcSpanStartColumn = 14, srcSpanEndLine = 4, srcSpanEndColumn = 15}, srcInfoPoints = []}) (Symbol (SrcSpanInfo {srcInfoSpan = SrcSpan {srcSpanFilename = "tests/examples/GroupKeyword.hs", srcSpanStartLine = 4, srcSpanStartColumn = 14, srcSpanEndLine = 4, srcSpanEndColumn = 15}, srcInfoPoints = []}) "$"))) (InfixApp (SrcSpanInfo {srcInfoSpan = SrcSpan {srcSpanFilename = "tests/examples/GroupKeyword.hs", srcSpanStartLine = 4, srcSpanStartColumn = 16, srcSpanEndLine = 4, srcSpanEndColumn = 37}, srcInfoPoints = []}) (Var (SrcSpanInfo {srcInfoSpan = SrcSpan {srcSpanFilename = "tests/examples/GroupKeyword.hs", srcSpanStartLine = 4, srcSpanStartColumn = 16, srcSpanEndLine = 4, srcSpanEndColumn = 21}, srcInfoPoints = []}) (UnQual (SrcSpanInfo {srcInfoSpan = SrcSpan {srcSpanFilename = "tests/examples/GroupKeyword.hs", srcSpanStartLine = 4, srcSpanStartColumn = 16, srcSpanEndLine = 4, srcSpanEndColumn = 21}, srcInfoPoints = []}) (Ident (SrcSpanInfo {srcInfoSpan = SrcSpan {srcSpanFilename = "tests/examples/GroupKeyword.hs", srcSpanStartLine = 4, srcSpanStartColumn = 16, srcSpanEndLine = 4, srcSpanEndColumn = 21}, srcInfoPoints = []}) "group"))) (QVarOp (SrcSpanInfo {srcInfoSpan = SrcSpan {srcSpanFilename = "tests/examples/GroupKeyword.hs", srcSpanStartLine = 4, srcSpanStartColumn = 22, srcSpanEndLine = 4, srcSpanEndColumn = 23}, srcInfoPoints = []}) (UnQual (SrcSpanInfo {srcInfoSpan = SrcSpan {srcSpanFilename = "tests/examples/GroupKeyword.hs", srcSpanStartLine = 4, srcSpanStartColumn = 22, srcSpanEndLine = 4, srcSpanEndColumn = 23}, srcInfoPoints = []}) (Symbol (SrcSpanInfo {srcInfoSpan = SrcSpan {srcSpanFilename = "tests/examples/GroupKeyword.hs", srcSpanStartLine = 4, srcSpanStartColumn = 22, srcSpanEndLine = 4, srcSpanEndColumn = 23}, srcInfoPoints = []}) "$"))) (App (SrcSpanInfo {srcInfoSpan = SrcSpan {srcSpanFilename = "tests/examples/GroupKeyword.hs", srcSpanStartLine = 4, srcSpanStartColumn = 24, srcSpanEndLine = 4, srcSpanEndColumn = 37}, srcInfoPoints = []}) (Var (SrcSpanInfo {srcInfoSpan = SrcSpan {srcSpanFilename = "tests/examples/GroupKeyword.hs", srcSpanStartLine = 4, srcSpanStartColumn = 24, srcSpanEndLine = 4, srcSpanEndColumn = 28}, srcInfoPoints = []}) (UnQual (SrcSpanInfo {srcInfoSpan = SrcSpan {srcSpanFilename = "tests/examples/GroupKeyword.hs", srcSpanStartLine = 4, srcSpanStartColumn = 24, srcSpanEndLine = 4, srcSpanEndColumn = 28}, srcInfoPoints = []}) (Ident (SrcSpanInfo {srcInfoSpan = SrcSpan {srcSpanFilename = "tests/examples/GroupKeyword.hs", srcSpanStartLine = 4, srcSpanStartColumn = 24, srcSpanEndLine = 4, srcSpanEndColumn = 28}, srcInfoPoints = []}) "sort"))) (EnumFromTo (SrcSpanInfo {srcInfoSpan = SrcSpan {srcSpanFilename = "tests/examples/GroupKeyword.hs", srcSpanStartLine = 4, srcSpanStartColumn = 29, srcSpanEndLine = 4, srcSpanEndColumn = 37}, srcInfoPoints = [SrcSpan {srcSpanFilename = "tests/examples/GroupKeyword.hs", srcSpanStartLine = 4, srcSpanStartColumn = 29, srcSpanEndLine = 4, srcSpanEndColumn = 30},SrcSpan {srcSpanFilename = "tests/examples/GroupKeyword.hs", srcSpanStartLine = 4, srcSpanStartColumn = 31, srcSpanEndLine = 4, srcSpanEndColumn = 33},SrcSpan {srcSpanFilename = "tests/examples/GroupKeyword.hs", srcSpanStartLine = 4, srcSpanStartColumn = 36, srcSpanEndLine = 4, srcSpanEndColumn = 37}]}) (Lit (SrcSpanInfo {srcInfoSpan = SrcSpan {srcSpanFilename = "tests/examples/GroupKeyword.hs", srcSpanStartLine = 4, srcSpanStartColumn = 30, srcSpanEndLine = 4, srcSpanEndColumn = 31}, srcInfoPoints = []}) (Int (SrcSpanInfo {srcInfoSpan = SrcSpan {srcSpanFilename = "tests/examples/GroupKeyword.hs", srcSpanStartLine = 4, srcSpanStartColumn = 30, srcSpanEndLine = 4, srcSpanEndColumn = 31}, srcInfoPoints = []}) 1 "1")) (Lit (SrcSpanInfo {srcInfoSpan = SrcSpan {srcSpanFilename = "tests/examples/GroupKeyword.hs", srcSpanStartLine = 4, srcSpanStartColumn = 33, srcSpanEndLine = 4, srcSpanEndColumn = 36}, srcInfoPoints = []}) (Int (SrcSpanInfo {srcInfoSpan = SrcSpan {srcSpanFilename = "tests/examples/GroupKeyword.hs", srcSpanStartLine = 4, srcSpanStartColumn = 33, srcSpanEndLine = 4, srcSpanEndColumn = 36}, srcInfoPoints = []}) 100 "100"))))))) Nothing],[Comment False (SrcSpan {srcSpanFilename = "tests/examples/GroupKeyword.hs", srcSpanStartLine = 1, srcSpanStartColumn = 1, srcSpanEndLine = 1, srcSpanEndColumn = 38}) " {-# LANGUAGE TransformListComp #-}"])
