ParseFailed (SrcLoc "tests/examples/NumericUnderscoresBad.hs" 3 1) "arity mismatch for 'f'"
