ParseOk (Module (SrcSpanInfo {srcInfoSpan = SrcSpan "tests/examples/UnicodeRelational.hs" 1 1 20 1, srcInfoPoints = [SrcSpan "tests/examples/UnicodeRelational.hs" 1 1 1 1,SrcSpan "tests/examples/UnicodeRelational.hs" 3 1 3 1,SrcSpan "tests/examples/UnicodeRelational.hs" 3 1 3 1,SrcSpan "tests/examples/UnicodeRelational.hs" 3 1 3 1,SrcSpan "tests/examples/UnicodeRelational.hs" 5 1 5 1,SrcSpan "tests/examples/UnicodeRelational.hs" 6 1 6 1,SrcSpan "tests/examples/UnicodeRelational.hs" 11 1 11 1,SrcSpan "tests/examples/UnicodeRelational.hs" 12 1 12 1,SrcSpan "tests/examples/UnicodeRelational.hs" 20 1 20 1,SrcSpan "tests/examples/UnicodeRelational.hs" 20 1 20 1]}) Nothing [LanguagePragma (SrcSpanInfo {srcInfoSpan = SrcSpan "tests/examples/UnicodeRelational.hs" 1 1 1 31, srcInfoPoints = [SrcSpan "tests/examples/UnicodeRelational.hs" 1 1 1 13,SrcSpan "tests/examples/UnicodeRelational.hs" 1 28 1 31]}) [Ident (SrcSpanInfo {srcInfoSpan = SrcSpan "tests/examples/UnicodeRelational.hs" 1 14 1 27, srcInfoPoints = []}) "UnicodeSyntax"]] [ImportDecl {importAnn = SrcSpanInfo {srcInfoSpan = SrcSpan "tests/examples/UnicodeRelational.hs" 3 1 3 23, srcInfoPoints = [SrcSpan "tests/examples/UnicodeRelational.hs" 3 1 3 7]}, importModule = ModuleName (SrcSpanInfo {srcInfoSpan = SrcSpan "tests/examples/UnicodeRelational.hs" 3 8 3 23, srcInfoPoints = []}) "Prelude.Unicode", importQualified = False, importSrc = False, importSafe = False, importPkg = Nothing, importAs = Nothing, importSpecs = Nothing}] [TypeSig (SrcSpanInfo {srcInfoSpan = SrcSpan "tests/examples/UnicodeRelational.hs" 5 1 5 30, srcInfoPoints = [SrcSpan "tests/examples/UnicodeRelational.hs" 5 9 5 11]}) [Ident (SrcSpanInfo {srcInfoSpan = SrcSpan "tests/examples/UnicodeRelational.hs" 5 1 5 8, srcInfoPoints = []}) "testAnd"] (TyFun (SrcSpanInfo {srcInfoSpan = SrcSpan "tests/examples/UnicodeRelational.hs" 5 12 5 30, srcInfoPoints = [SrcSpan "tests/examples/UnicodeRelational.hs" 5 16 5 18]}) (TyCon (SrcSpanInfo {srcInfoSpan = SrcSpan "tests/examples/UnicodeRelational.hs" 5 12 5 15, srcInfoPoints = []}) (UnQual (SrcSpanInfo {srcInfoSpan = SrcSpan "tests/examples/UnicodeRelational.hs" 5 12 5 15, srcInfoPoints = []}) (Ident (SrcSpanInfo {srcInfoSpan = SrcSpan "tests/examples/UnicodeRelational.hs" 5 12 5 15, srcInfoPoints = []}) "Int"))) (TyFun (SrcSpanInfo {srcInfoSpan = SrcSpan "tests/examples/UnicodeRelational.hs" 5 19 5 30, srcInfoPoints = [SrcSpan "tests/examples/UnicodeRelational.hs" 5 23 5 25]}) (TyCon (SrcSpanInfo {srcInfoSpan = SrcSpan "tests/examples/UnicodeRelational.hs" 5 19 5 22, srcInfoPoints = []}) (UnQual (SrcSpanInfo {srcInfoSpan = SrcSpan "tests/examples/UnicodeRelational.hs" 5 19 5 22, srcInfoPoints = []}) (Ident (SrcSpanInfo {srcInfoSpan = SrcSpan "tests/examples/UnicodeRelational.hs" 5 19 5 22, srcInfoPoints = []}) "Int"))) (TyCon (SrcSpanInfo {srcInfoSpan = SrcSpan "tests/examples/UnicodeRelational.hs" 5 26 5 30, srcInfoPoints = []}) (UnQual (SrcSpanInfo {srcInfoSpan = SrcSpan "tests/examples/UnicodeRelational.hs" 5 26 5 30, srcInfoPoints = []}) (Ident (SrcSpanInfo {srcInfoSpan = SrcSpan "tests/examples/UnicodeRelational.hs" 5 26 5 30, srcInfoPoints = []}) "Bool"))))),FunBind (SrcSpanInfo {srcInfoSpan = SrcSpan "tests/examples/UnicodeRelational.hs" 6 1 9 16, srcInfoPoints = []}) [Match (SrcSpanInfo {srcInfoSpan = SrcSpan "tests/examples/UnicodeRelational.hs" 6 1 9 16, srcInfoPoints = []}) (Ident (SrcSpanInfo {srcInfoSpan = SrcSpan "tests/examples/UnicodeRelational.hs" 6 1 6 8, srcInfoPoints = []}) "testAnd") [PVar (SrcSpanInfo {srcInfoSpan = SrcSpan "tests/examples/UnicodeRelational.hs" 6 9 6 10, srcInfoPoints = []}) (Ident (SrcSpanInfo {srcInfoSpan = SrcSpan "tests/examples/UnicodeRelational.hs" 6 9 6 10, srcInfoPoints = []}) "a"),PVar (SrcSpanInfo {srcInfoSpan = SrcSpan "tests/examples/UnicodeRelational.hs" 6 11 6 12, srcInfoPoints = []}) (Ident (SrcSpanInfo {srcInfoSpan = SrcSpan "tests/examples/UnicodeRelational.hs" 6 11 6 12, srcInfoPoints = []}) "b")] (UnGuardedRhs (SrcSpanInfo {srcInfoSpan = SrcSpan "tests/examples/UnicodeRelational.hs" 6 13 9 16, srcInfoPoints = [SrcSpan "tests/examples/UnicodeRelational.hs" 6 13 6 14]}) (Let (SrcSpanInfo {srcInfoSpan = SrcSpan "tests/examples/UnicodeRelational.hs" 7 5 9 16, srcInfoPoints = [SrcSpan "tests/examples/UnicodeRelational.hs" 7 5 7 8,SrcSpan "tests/examples/UnicodeRelational.hs" 9 5 9 7]}) (BDecls (SrcSpanInfo {srcInfoSpan = SrcSpan "tests/examples/UnicodeRelational.hs" 7 9 8 20, srcInfoPoints = [SrcSpan "tests/examples/UnicodeRelational.hs" 7 9 7 9,SrcSpan "tests/examples/UnicodeRelational.hs" 8 9 8 9,SrcSpan "tests/examples/UnicodeRelational.hs" 9 5 9 0]}) [PatBind (SrcSpanInfo {srcInfoSpan = SrcSpan "tests/examples/UnicodeRelational.hs" 7 9 7 20, srcInfoPoints = []}) (PVar (SrcSpanInfo {srcInfoSpan = SrcSpan "tests/examples/UnicodeRelational.hs" 7 9 7 11, srcInfoPoints = []}) (Ident (SrcSpanInfo {srcInfoSpan = SrcSpan "tests/examples/UnicodeRelational.hs" 7 9 7 11, srcInfoPoints = []}) "b\8321")) (UnGuardedRhs (SrcSpanInfo {srcInfoSpan = SrcSpan "tests/examples/UnicodeRelational.hs" 7 12 7 20, srcInfoPoints = [SrcSpan "tests/examples/UnicodeRelational.hs" 7 12 7 13]}) (InfixApp (SrcSpanInfo {srcInfoSpan = SrcSpan "tests/examples/UnicodeRelational.hs" 7 14 7 20, srcInfoPoints = []}) (Var (SrcSpanInfo {srcInfoSpan = SrcSpan "tests/examples/UnicodeRelational.hs" 7 14 7 15, srcInfoPoints = []}) (UnQual (SrcSpanInfo {srcInfoSpan = SrcSpan "tests/examples/UnicodeRelational.hs" 7 14 7 15, srcInfoPoints = []}) (Ident (SrcSpanInfo {srcInfoSpan = SrcSpan "tests/examples/UnicodeRelational.hs" 7 14 7 15, srcInfoPoints = []}) "a"))) (QVarOp (SrcSpanInfo {srcInfoSpan = SrcSpan "tests/examples/UnicodeRelational.hs" 7 16 7 18, srcInfoPoints = []}) (UnQual (SrcSpanInfo {srcInfoSpan = SrcSpan "tests/examples/UnicodeRelational.hs" 7 16 7 18, srcInfoPoints = []}) (Symbol (SrcSpanInfo {srcInfoSpan = SrcSpan "tests/examples/UnicodeRelational.hs" 7 16 7 18, srcInfoPoints = []}) "<="))) (Lit (SrcSpanInfo {srcInfoSpan = SrcSpan "tests/examples/UnicodeRelational.hs" 7 19 7 20, srcInfoPoints = []}) (Int (SrcSpanInfo {srcInfoSpan = SrcSpan "tests/examples/UnicodeRelational.hs" 7 19 7 20, srcInfoPoints = []}) 3 "3")))) Nothing,PatBind (SrcSpanInfo {srcInfoSpan = SrcSpan "tests/examples/UnicodeRelational.hs" 8 9 8 20, srcInfoPoints = []}) (PVar (SrcSpanInfo {srcInfoSpan = SrcSpan "tests/examples/UnicodeRelational.hs" 8 9 8 11, srcInfoPoints = []}) (Ident (SrcSpanInfo {srcInfoSpan = SrcSpan "tests/examples/UnicodeRelational.hs" 8 9 8 11, srcInfoPoints = []}) "b\8322")) (UnGuardedRhs (SrcSpanInfo {srcInfoSpan = SrcSpan "tests/examples/UnicodeRelational.hs" 8 12 8 20, srcInfoPoints = [SrcSpan "tests/examples/UnicodeRelational.hs" 8 12 8 13]}) (InfixApp (SrcSpanInfo {srcInfoSpan = SrcSpan "tests/examples/UnicodeRelational.hs" 8 14 8 20, srcInfoPoints = []}) (Var (SrcSpanInfo {srcInfoSpan = SrcSpan "tests/examples/UnicodeRelational.hs" 8 14 8 15, srcInfoPoints = []}) (UnQual (SrcSpanInfo {srcInfoSpan = SrcSpan "tests/examples/UnicodeRelational.hs" 8 14 8 15, srcInfoPoints = []}) (Ident (SrcSpanInfo {srcInfoSpan = SrcSpan "tests/examples/UnicodeRelational.hs" 8 14 8 15, srcInfoPoints = []}) "b"))) (QVarOp (SrcSpanInfo {srcInfoSpan = SrcSpan "tests/examples/UnicodeRelational.hs" 8 16 8 18, srcInfoPoints = []}) (UnQual (SrcSpanInfo {srcInfoSpan = SrcSpan "tests/examples/UnicodeRelational.hs" 8 16 8 18, srcInfoPoints = []}) (Symbol (SrcSpanInfo {srcInfoSpan = SrcSpan "tests/examples/UnicodeRelational.hs" 8 16 8 18, srcInfoPoints = []}) ">="))) (Lit (SrcSpanInfo {srcInfoSpan = SrcSpan "tests/examples/UnicodeRelational.hs" 8 19 8 20, srcInfoPoints = []}) (Int (SrcSpanInfo {srcInfoSpan = SrcSpan "tests/examples/UnicodeRelational.hs" 8 19 8 20, srcInfoPoints = []}) 5 "5")))) Nothing]) (InfixApp (SrcSpanInfo {srcInfoSpan = SrcSpan "tests/examples/UnicodeRelational.hs" 9 8 9 16, srcInfoPoints = []}) (Var (SrcSpanInfo {srcInfoSpan = SrcSpan "tests/examples/UnicodeRelational.hs" 9 8 9 10, srcInfoPoints = []}) (UnQual (SrcSpanInfo {srcInfoSpan = SrcSpan "tests/examples/UnicodeRelational.hs" 9 8 9 10, srcInfoPoints = []}) (Ident (SrcSpanInfo {srcInfoSpan = SrcSpan "tests/examples/UnicodeRelational.hs" 9 8 9 10, srcInfoPoints = []}) "b\8321"))) (QVarOp (SrcSpanInfo {srcInfoSpan = SrcSpan "tests/examples/UnicodeRelational.hs" 9 11 9 13, srcInfoPoints = []}) (UnQual (SrcSpanInfo {srcInfoSpan = SrcSpan "tests/examples/UnicodeRelational.hs" 9 11 9 13, srcInfoPoints = []}) (Symbol (SrcSpanInfo {srcInfoSpan = SrcSpan "tests/examples/UnicodeRelational.hs" 9 11 9 13, srcInfoPoints = []}) "&&"))) (Var (SrcSpanInfo {srcInfoSpan = SrcSpan "tests/examples/UnicodeRelational.hs" 9 14 9 16, srcInfoPoints = []}) (UnQual (SrcSpanInfo {srcInfoSpan = SrcSpan "tests/examples/UnicodeRelational.hs" 9 14 9 16, srcInfoPoints = []}) (Ident (SrcSpanInfo {srcInfoSpan = SrcSpan "tests/examples/UnicodeRelational.hs" 9 14 9 16, srcInfoPoints = []}) "b\8322")))))) Nothing],TypeSig (SrcSpanInfo {srcInfoSpan = SrcSpan "tests/examples/UnicodeRelational.hs" 11 1 11 50, srcInfoPoints = [SrcSpan "tests/examples/UnicodeRelational.hs" 11 8 11 10]}) [Ident (SrcSpanInfo {srcInfoSpan = SrcSpan "tests/examples/UnicodeRelational.hs" 11 1 11 7, srcInfoPoints = []}) "testOr"] (TyFun (SrcSpanInfo {srcInfoSpan = SrcSpan "tests/examples/UnicodeRelational.hs" 11 11 11 50, srcInfoPoints = [SrcSpan "tests/examples/UnicodeRelational.hs" 11 15 11 17]}) (TyCon (SrcSpanInfo {srcInfoSpan = SrcSpan "tests/examples/UnicodeRelational.hs" 11 11 11 14, srcInfoPoints = []}) (UnQual (SrcSpanInfo {srcInfoSpan = SrcSpan "tests/examples/UnicodeRelational.hs" 11 11 11 14, srcInfoPoints = []}) (Ident (SrcSpanInfo {srcInfoSpan = SrcSpan "tests/examples/UnicodeRelational.hs" 11 11 11 14, srcInfoPoints = []}) "Int"))) (TyFun (SrcSpanInfo {srcInfoSpan = SrcSpan "tests/examples/UnicodeRelational.hs" 11 18 11 50, srcInfoPoints = [SrcSpan "tests/examples/UnicodeRelational.hs" 11 22 11 24]}) (TyCon (SrcSpanInfo {srcInfoSpan = SrcSpan "tests/examples/UnicodeRelational.hs" 11 18 11 21, srcInfoPoints = []}) (UnQual (SrcSpanInfo {srcInfoSpan = SrcSpan "tests/examples/UnicodeRelational.hs" 11 18 11 21, srcInfoPoints = []}) (Ident (SrcSpanInfo {srcInfoSpan = SrcSpan "tests/examples/UnicodeRelational.hs" 11 18 11 21, srcInfoPoints = []}) "Int"))) (TyFun (SrcSpanInfo {srcInfoSpan = SrcSpan "tests/examples/UnicodeRelational.hs" 11 25 11 50, srcInfoPoints = [SrcSpan "tests/examples/UnicodeRelational.hs" 11 29 11 31]}) (TyCon (SrcSpanInfo {srcInfoSpan = SrcSpan "tests/examples/UnicodeRelational.hs" 11 25 11 28, srcInfoPoints = []}) (UnQual (SrcSpanInfo {srcInfoSpan = SrcSpan "tests/examples/UnicodeRelational.hs" 11 25 11 28, srcInfoPoints = []}) (Ident (SrcSpanInfo {srcInfoSpan = SrcSpan "tests/examples/UnicodeRelational.hs" 11 25 11 28, srcInfoPoints = []}) "Int"))) (TyFun (SrcSpanInfo {srcInfoSpan = SrcSpan "tests/examples/UnicodeRelational.hs" 11 32 11 50, srcInfoPoints = [SrcSpan "tests/examples/UnicodeRelational.hs" 11 36 11 38]}) (TyCon (SrcSpanInfo {srcInfoSpan = SrcSpan "tests/examples/UnicodeRelational.hs" 11 32 11 35, srcInfoPoints = []}) (UnQual (SrcSpanInfo {srcInfoSpan = SrcSpan "tests/examples/UnicodeRelational.hs" 11 32 11 35, srcInfoPoints = []}) (Ident (SrcSpanInfo {srcInfoSpan = SrcSpan "tests/examples/UnicodeRelational.hs" 11 32 11 35, srcInfoPoints = []}) "Int"))) (TyFun (SrcSpanInfo {srcInfoSpan = SrcSpan "tests/examples/UnicodeRelational.hs" 11 39 11 50, srcInfoPoints = [SrcSpan "tests/examples/UnicodeRelational.hs" 11 43 11 45]}) (TyCon (SrcSpanInfo {srcInfoSpan = SrcSpan "tests/examples/UnicodeRelational.hs" 11 39 11 42, srcInfoPoints = []}) (UnQual (SrcSpanInfo {srcInfoSpan = SrcSpan "tests/examples/UnicodeRelational.hs" 11 39 11 42, srcInfoPoints = []}) (Ident (SrcSpanInfo {srcInfoSpan = SrcSpan "tests/examples/UnicodeRelational.hs" 11 39 11 42, srcInfoPoints = []}) "Int"))) (TyCon (SrcSpanInfo {srcInfoSpan = SrcSpan "tests/examples/UnicodeRelational.hs" 11 46 11 50, srcInfoPoints = []}) (UnQual (SrcSpanInfo {srcInfoSpan = SrcSpan "tests/examples/UnicodeRelational.hs" 11 46 11 50, srcInfoPoints = []}) (Ident (SrcSpanInfo {srcInfoSpan = SrcSpan "tests/examples/UnicodeRelational.hs" 11 46 11 50, srcInfoPoints = []}) "Bool")))))))),FunBind (SrcSpanInfo {srcInfoSpan = SrcSpan "tests/examples/UnicodeRelational.hs" 12 1 19 40, srcInfoPoints = []}) [Match (SrcSpanInfo {srcInfoSpan = SrcSpan "tests/examples/UnicodeRelational.hs" 12 1 19 40, srcInfoPoints = []}) (Ident (SrcSpanInfo {srcInfoSpan = SrcSpan "tests/examples/UnicodeRelational.hs" 12 1 12 7, srcInfoPoints = []}) "testOr") [PVar (SrcSpanInfo {srcInfoSpan = SrcSpan "tests/examples/UnicodeRelational.hs" 12 8 12 9, srcInfoPoints = []}) (Ident (SrcSpanInfo {srcInfoSpan = SrcSpan "tests/examples/UnicodeRelational.hs" 12 8 12 9, srcInfoPoints = []}) "a"),PVar (SrcSpanInfo {srcInfoSpan = SrcSpan "tests/examples/UnicodeRelational.hs" 12 10 12 11, srcInfoPoints = []}) (Ident (SrcSpanInfo {srcInfoSpan = SrcSpan "tests/examples/UnicodeRelational.hs" 12 10 12 11, srcInfoPoints = []}) "b"),PVar (SrcSpanInfo {srcInfoSpan = SrcSpan "tests/examples/UnicodeRelational.hs" 12 12 12 13, srcInfoPoints = []}) (Ident (SrcSpanInfo {srcInfoSpan = SrcSpan "tests/examples/UnicodeRelational.hs" 12 12 12 13, srcInfoPoints = []}) "c"),PVar (SrcSpanInfo {srcInfoSpan = SrcSpan "tests/examples/UnicodeRelational.hs" 12 14 12 15, srcInfoPoints = []}) (Ident (SrcSpanInfo {srcInfoSpan = SrcSpan "tests/examples/UnicodeRelational.hs" 12 14 12 15, srcInfoPoints = []}) "d"),PVar (SrcSpanInfo {srcInfoSpan = SrcSpan "tests/examples/UnicodeRelational.hs" 12 16 12 17, srcInfoPoints = []}) (Ident (SrcSpanInfo {srcInfoSpan = SrcSpan "tests/examples/UnicodeRelational.hs" 12 16 12 17, srcInfoPoints = []}) "e")] (UnGuardedRhs (SrcSpanInfo {srcInfoSpan = SrcSpan "tests/examples/UnicodeRelational.hs" 12 18 19 40, srcInfoPoints = [SrcSpan "tests/examples/UnicodeRelational.hs" 12 18 12 19]}) (Let (SrcSpanInfo {srcInfoSpan = SrcSpan "tests/examples/UnicodeRelational.hs" 13 5 19 40, srcInfoPoints = [SrcSpan "tests/examples/UnicodeRelational.hs" 13 5 13 8,SrcSpan "tests/examples/UnicodeRelational.hs" 19 5 19 7]}) (BDecls (SrcSpanInfo {srcInfoSpan = SrcSpan "tests/examples/UnicodeRelational.hs" 13 9 18 35, srcInfoPoints = [SrcSpan "tests/examples/UnicodeRelational.hs" 13 9 13 9,SrcSpan "tests/examples/UnicodeRelational.hs" 14 9 14 9,SrcSpan "tests/examples/UnicodeRelational.hs" 15 9 15 9,SrcSpan "tests/examples/UnicodeRelational.hs" 16 9 16 9,SrcSpan "tests/examples/UnicodeRelational.hs" 17 9 17 9,SrcSpan "tests/examples/UnicodeRelational.hs" 18 9 18 9,SrcSpan "tests/examples/UnicodeRelational.hs" 19 5 19 0]}) [PatBind (SrcSpanInfo {srcInfoSpan = SrcSpan "tests/examples/UnicodeRelational.hs" 13 9 13 20, srcInfoPoints = []}) (PVar (SrcSpanInfo {srcInfoSpan = SrcSpan "tests/examples/UnicodeRelational.hs" 13 9 13 11, srcInfoPoints = []}) (Ident (SrcSpanInfo {srcInfoSpan = SrcSpan "tests/examples/UnicodeRelational.hs" 13 9 13 11, srcInfoPoints = []}) "b\8321")) (UnGuardedRhs (SrcSpanInfo {srcInfoSpan = SrcSpan "tests/examples/UnicodeRelational.hs" 13 12 13 20, srcInfoPoints = [SrcSpan "tests/examples/UnicodeRelational.hs" 13 12 13 13]}) (InfixApp (SrcSpanInfo {srcInfoSpan = SrcSpan "tests/examples/UnicodeRelational.hs" 13 14 13 20, srcInfoPoints = []}) (Var (SrcSpanInfo {srcInfoSpan = SrcSpan "tests/examples/UnicodeRelational.hs" 13 14 13 15, srcInfoPoints = []}) (UnQual (SrcSpanInfo {srcInfoSpan = SrcSpan "tests/examples/UnicodeRelational.hs" 13 14 13 15, srcInfoPoints = []}) (Ident (SrcSpanInfo {srcInfoSpan = SrcSpan "tests/examples/UnicodeRelational.hs" 13 14 13 15, srcInfoPoints = []}) "a"))) (QVarOp (SrcSpanInfo {srcInfoSpan = SrcSpan "tests/examples/UnicodeRelational.hs" 13 16 13 18, srcInfoPoints = []}) (UnQual (SrcSpanInfo {srcInfoSpan = SrcSpan "tests/examples/UnicodeRelational.hs" 13 16 13 18, srcInfoPoints = []}) (Symbol (SrcSpanInfo {srcInfoSpan = SrcSpan "tests/examples/UnicodeRelational.hs" 13 16 13 18, srcInfoPoints = []}) "<="))) (Lit (SrcSpanInfo {srcInfoSpan = SrcSpan "tests/examples/UnicodeRelational.hs" 13 19 13 20, srcInfoPoints = []}) (Int (SrcSpanInfo {srcInfoSpan = SrcSpan "tests/examples/UnicodeRelational.hs" 13 19 13 20, srcInfoPoints = []}) 3 "3")))) Nothing,PatBind (SrcSpanInfo {srcInfoSpan = SrcSpan "tests/examples/UnicodeRelational.hs" 14 9 14 20, srcInfoPoints = []}) (PVar (SrcSpanInfo {srcInfoSpan = SrcSpan "tests/examples/UnicodeRelational.hs" 14 9 14 11, srcInfoPoints = []}) (Ident (SrcSpanInfo {srcInfoSpan = SrcSpan "tests/examples/UnicodeRelational.hs" 14 9 14 11, srcInfoPoints = []}) "b\8322")) (UnGuardedRhs (SrcSpanInfo {srcInfoSpan = SrcSpan "tests/examples/UnicodeRelational.hs" 14 12 14 20, srcInfoPoints = [SrcSpan "tests/examples/UnicodeRelational.hs" 14 12 14 13]}) (InfixApp (SrcSpanInfo {srcInfoSpan = SrcSpan "tests/examples/UnicodeRelational.hs" 14 14 14 20, srcInfoPoints = []}) (Var (SrcSpanInfo {srcInfoSpan = SrcSpan "tests/examples/UnicodeRelational.hs" 14 14 14 15, srcInfoPoints = []}) (UnQual (SrcSpanInfo {srcInfoSpan = SrcSpan "tests/examples/UnicodeRelational.hs" 14 14 14 15, srcInfoPoints = []}) (Ident (SrcSpanInfo {srcInfoSpan = SrcSpan "tests/examples/UnicodeRelational.hs" 14 14 14 15, srcInfoPoints = []}) "b"))) (QVarOp (SrcSpanInfo {srcInfoSpan = SrcSpan "tests/examples/UnicodeRelational.hs" 14 16 14 18, srcInfoPoints = []}) (UnQual (SrcSpanInfo {srcInfoSpan = SrcSpan "tests/examples/UnicodeRelational.hs" 14 16 14 18, srcInfoPoints = []}) (Symbol (SrcSpanInfo {srcInfoSpan = SrcSpan "tests/examples/UnicodeRelational.hs" 14 16 14 18, srcInfoPoints = []}) "/="))) (Lit (SrcSpanInfo {srcInfoSpan = SrcSpan "tests/examples/UnicodeRelational.hs" 14 19 14 20, srcInfoPoints = []}) (Int (SrcSpanInfo {srcInfoSpan = SrcSpan "tests/examples/UnicodeRelational.hs" 14 19 14 20, srcInfoPoints = []}) 5 "5")))) Nothing,PatBind (SrcSpanInfo {srcInfoSpan = SrcSpan "tests/examples/UnicodeRelational.hs" 15 9 15 20, srcInfoPoints = []}) (PVar (SrcSpanInfo {srcInfoSpan = SrcSpan "tests/examples/UnicodeRelational.hs" 15 9 15 11, srcInfoPoints = []}) (Ident (SrcSpanInfo {srcInfoSpan = SrcSpan "tests/examples/UnicodeRelational.hs" 15 9 15 11, srcInfoPoints = []}) "b\8323")) (UnGuardedRhs (SrcSpanInfo {srcInfoSpan = SrcSpan "tests/examples/UnicodeRelational.hs" 15 12 15 20, srcInfoPoints = [SrcSpan "tests/examples/UnicodeRelational.hs" 15 12 15 13]}) (InfixApp (SrcSpanInfo {srcInfoSpan = SrcSpan "tests/examples/UnicodeRelational.hs" 15 14 15 20, srcInfoPoints = []}) (Var (SrcSpanInfo {srcInfoSpan = SrcSpan "tests/examples/UnicodeRelational.hs" 15 14 15 15, srcInfoPoints = []}) (UnQual (SrcSpanInfo {srcInfoSpan = SrcSpan "tests/examples/UnicodeRelational.hs" 15 14 15 15, srcInfoPoints = []}) (Ident (SrcSpanInfo {srcInfoSpan = SrcSpan "tests/examples/UnicodeRelational.hs" 15 14 15 15, srcInfoPoints = []}) "c"))) (QVarOp (SrcSpanInfo {srcInfoSpan = SrcSpan "tests/examples/UnicodeRelational.hs" 15 16 15 18, srcInfoPoints = []}) (UnQual (SrcSpanInfo {srcInfoSpan = SrcSpan "tests/examples/UnicodeRelational.hs" 15 16 15 18, srcInfoPoints = []}) (Symbol (SrcSpanInfo {srcInfoSpan = SrcSpan "tests/examples/UnicodeRelational.hs" 15 16 15 18, srcInfoPoints = []}) ">="))) (Lit (SrcSpanInfo {srcInfoSpan = SrcSpan "tests/examples/UnicodeRelational.hs" 15 19 15 20, srcInfoPoints = []}) (Int (SrcSpanInfo {srcInfoSpan = SrcSpan "tests/examples/UnicodeRelational.hs" 15 19 15 20, srcInfoPoints = []}) 5 "5")))) Nothing,PatBind (SrcSpanInfo {srcInfoSpan = SrcSpan "tests/examples/UnicodeRelational.hs" 16 9 16 20, srcInfoPoints = []}) (PVar (SrcSpanInfo {srcInfoSpan = SrcSpan "tests/examples/UnicodeRelational.hs" 16 9 16 11, srcInfoPoints = []}) (Ident (SrcSpanInfo {srcInfoSpan = SrcSpan "tests/examples/UnicodeRelational.hs" 16 9 16 11, srcInfoPoints = []}) "b\8324")) (UnGuardedRhs (SrcSpanInfo {srcInfoSpan = SrcSpan "tests/examples/UnicodeRelational.hs" 16 12 16 20, srcInfoPoints = [SrcSpan "tests/examples/UnicodeRelational.hs" 16 12 16 13]}) (InfixApp (SrcSpanInfo {srcInfoSpan = SrcSpan "tests/examples/UnicodeRelational.hs" 16 14 16 20, srcInfoPoints = []}) (Var (SrcSpanInfo {srcInfoSpan = SrcSpan "tests/examples/UnicodeRelational.hs" 16 14 16 15, srcInfoPoints = []}) (UnQual (SrcSpanInfo {srcInfoSpan = SrcSpan "tests/examples/UnicodeRelational.hs" 16 14 16 15, srcInfoPoints = []}) (Ident (SrcSpanInfo {srcInfoSpan = SrcSpan "tests/examples/UnicodeRelational.hs" 16 14 16 15, srcInfoPoints = []}) "d"))) (QVarOp (SrcSpanInfo {srcInfoSpan = SrcSpan "tests/examples/UnicodeRelational.hs" 16 16 16 18, srcInfoPoints = []}) (UnQual (SrcSpanInfo {srcInfoSpan = SrcSpan "tests/examples/UnicodeRelational.hs" 16 16 16 18, srcInfoPoints = []}) (Symbol (SrcSpanInfo {srcInfoSpan = SrcSpan "tests/examples/UnicodeRelational.hs" 16 16 16 18, srcInfoPoints = []}) "<="))) (Lit (SrcSpanInfo {srcInfoSpan = SrcSpan "tests/examples/UnicodeRelational.hs" 16 19 16 20, srcInfoPoints = []}) (Int (SrcSpanInfo {srcInfoSpan = SrcSpan "tests/examples/UnicodeRelational.hs" 16 19 16 20, srcInfoPoints = []}) 6 "6")))) Nothing,PatBind (SrcSpanInfo {srcInfoSpan = SrcSpan "tests/examples/UnicodeRelational.hs" 17 9 17 32, srcInfoPoints = []}) (PVar (SrcSpanInfo {srcInfoSpan = SrcSpan "tests/examples/UnicodeRelational.hs" 17 9 17 11, srcInfoPoints = []}) (Ident (SrcSpanInfo {srcInfoSpan = SrcSpan "tests/examples/UnicodeRelational.hs" 17 9 17 11, srcInfoPoints = []}) "b\8325")) (UnGuardedRhs (SrcSpanInfo {srcInfoSpan = SrcSpan "tests/examples/UnicodeRelational.hs" 17 12 17 32, srcInfoPoints = [SrcSpan "tests/examples/UnicodeRelational.hs" 17 12 17 13]}) (InfixApp (SrcSpanInfo {srcInfoSpan = SrcSpan "tests/examples/UnicodeRelational.hs" 17 14 17 32, srcInfoPoints = []}) (Var (SrcSpanInfo {srcInfoSpan = SrcSpan "tests/examples/UnicodeRelational.hs" 17 14 17 15, srcInfoPoints = []}) (UnQual (SrcSpanInfo {srcInfoSpan = SrcSpan "tests/examples/UnicodeRelational.hs" 17 14 17 15, srcInfoPoints = []}) (Ident (SrcSpanInfo {srcInfoSpan = SrcSpan "tests/examples/UnicodeRelational.hs" 17 14 17 15, srcInfoPoints = []}) "e"))) (QVarOp (SrcSpanInfo {srcInfoSpan = SrcSpan "tests/examples/UnicodeRelational.hs" 17 16 17 22, srcInfoPoints = [SrcSpan "tests/examples/UnicodeRelational.hs" 17 16 17 17,SrcSpan "tests/examples/UnicodeRelational.hs" 17 17 17 21,SrcSpan "tests/examples/UnicodeRelational.hs" 17 21 17 22]}) (UnQual (SrcSpanInfo {srcInfoSpan = SrcSpan "tests/examples/UnicodeRelational.hs" 17 16 17 22, srcInfoPoints = [SrcSpan "tests/examples/UnicodeRelational.hs" 17 16 17 17,SrcSpan "tests/examples/UnicodeRelational.hs" 17 17 17 21,SrcSpan "tests/examples/UnicodeRelational.hs" 17 21 17 22]}) (Ident (SrcSpanInfo {srcInfoSpan = SrcSpan "tests/examples/UnicodeRelational.hs" 17 17 17 21, srcInfoPoints = []}) "elem"))) (List (SrcSpanInfo {srcInfoSpan = SrcSpan "tests/examples/UnicodeRelational.hs" 17 23 17 32, srcInfoPoints = [SrcSpan "tests/examples/UnicodeRelational.hs" 17 23 17 24,SrcSpan "tests/examples/UnicodeRelational.hs" 17 25 17 26,SrcSpan "tests/examples/UnicodeRelational.hs" 17 27 17 28,SrcSpan "tests/examples/UnicodeRelational.hs" 17 29 17 30,SrcSpan "tests/examples/UnicodeRelational.hs" 17 31 17 32]}) [Lit (SrcSpanInfo {srcInfoSpan = SrcSpan "tests/examples/UnicodeRelational.hs" 17 24 17 25, srcInfoPoints = []}) (Int (SrcSpanInfo {srcInfoSpan = SrcSpan "tests/examples/UnicodeRelational.hs" 17 24 17 25, srcInfoPoints = []}) 1 "1"),Lit (SrcSpanInfo {srcInfoSpan = SrcSpan "tests/examples/UnicodeRelational.hs" 17 26 17 27, srcInfoPoints = []}) (Int (SrcSpanInfo {srcInfoSpan = SrcSpan "tests/examples/UnicodeRelational.hs" 17 26 17 27, srcInfoPoints = []}) 2 "2"),Lit (SrcSpanInfo {srcInfoSpan = SrcSpan "tests/examples/UnicodeRelational.hs" 17 28 17 29, srcInfoPoints = []}) (Int (SrcSpanInfo {srcInfoSpan = SrcSpan "tests/examples/UnicodeRelational.hs" 17 28 17 29, srcInfoPoints = []}) 3 "3"),Lit (SrcSpanInfo {srcInfoSpan = SrcSpan "tests/examples/UnicodeRelational.hs" 17 30 17 31, srcInfoPoints = []}) (Int (SrcSpanInfo {srcInfoSpan = SrcSpan "tests/examples/UnicodeRelational.hs" 17 30 17 31, srcInfoPoints = []}) 4 "4")]))) Nothing,PatBind (SrcSpanInfo {srcInfoSpan = SrcSpan "tests/examples/UnicodeRelational.hs" 18 9 18 35, srcInfoPoints = []}) (PVar (SrcSpanInfo {srcInfoSpan = SrcSpan "tests/examples/UnicodeRelational.hs" 18 9 18 11, srcInfoPoints = []}) (Ident (SrcSpanInfo {srcInfoSpan = SrcSpan "tests/examples/UnicodeRelational.hs" 18 9 18 11, srcInfoPoints = []}) "b\8326")) (UnGuardedRhs (SrcSpanInfo {srcInfoSpan = SrcSpan "tests/examples/UnicodeRelational.hs" 18 12 18 35, srcInfoPoints = [SrcSpan "tests/examples/UnicodeRelational.hs" 18 12 18 13]}) (InfixApp (SrcSpanInfo {srcInfoSpan = SrcSpan "tests/examples/UnicodeRelational.hs" 18 14 18 35, srcInfoPoints = []}) (Var (SrcSpanInfo {srcInfoSpan = SrcSpan "tests/examples/UnicodeRelational.hs" 18 14 18 15, srcInfoPoints = []}) (UnQual (SrcSpanInfo {srcInfoSpan = SrcSpan "tests/examples/UnicodeRelational.hs" 18 14 18 15, srcInfoPoints = []}) (Ident (SrcSpanInfo {srcInfoSpan = SrcSpan "tests/examples/UnicodeRelational.hs" 18 14 18 15, srcInfoPoints = []}) "e"))) (QVarOp (SrcSpanInfo {srcInfoSpan = SrcSpan "tests/examples/UnicodeRelational.hs" 18 16 18 25, srcInfoPoints = [SrcSpan "tests/examples/UnicodeRelational.hs" 18 16 18 17,SrcSpan "tests/examples/UnicodeRelational.hs" 18 17 18 24,SrcSpan "tests/examples/UnicodeRelational.hs" 18 24 18 25]}) (UnQual (SrcSpanInfo {srcInfoSpan = SrcSpan "tests/examples/UnicodeRelational.hs" 18 16 18 25, srcInfoPoints = [SrcSpan "tests/examples/UnicodeRelational.hs" 18 16 18 17,SrcSpan "tests/examples/UnicodeRelational.hs" 18 17 18 24,SrcSpan "tests/examples/UnicodeRelational.hs" 18 24 18 25]}) (Ident (SrcSpanInfo {srcInfoSpan = SrcSpan "tests/examples/UnicodeRelational.hs" 18 17 18 24, srcInfoPoints = []}) "notElem"))) (List (SrcSpanInfo {srcInfoSpan = SrcSpan "tests/examples/UnicodeRelational.hs" 18 26 18 35, srcInfoPoints = [SrcSpan "tests/examples/UnicodeRelational.hs" 18 26 18 27,SrcSpan "tests/examples/UnicodeRelational.hs" 18 28 18 29,SrcSpan "tests/examples/UnicodeRelational.hs" 18 30 18 31,SrcSpan "tests/examples/UnicodeRelational.hs" 18 32 18 33,SrcSpan "tests/examples/UnicodeRelational.hs" 18 34 18 35]}) [Lit (SrcSpanInfo {srcInfoSpan = SrcSpan "tests/examples/UnicodeRelational.hs" 18 27 18 28, srcInfoPoints = []}) (Int (SrcSpanInfo {srcInfoSpan = SrcSpan "tests/examples/UnicodeRelational.hs" 18 27 18 28, srcInfoPoints = []}) 5 "5"),Lit (SrcSpanInfo {srcInfoSpan = SrcSpan "tests/examples/UnicodeRelational.hs" 18 29 18 30, srcInfoPoints = []}) (Int (SrcSpanInfo {srcInfoSpan = SrcSpan "tests/examples/UnicodeRelational.hs" 18 29 18 30, srcInfoPoints = []}) 6 "6"),Lit (SrcSpanInfo {srcInfoSpan = SrcSpan "tests/examples/UnicodeRelational.hs" 18 31 18 32, srcInfoPoints = []}) (Int (SrcSpanInfo {srcInfoSpan = SrcSpan "tests/examples/UnicodeRelational.hs" 18 31 18 32, srcInfoPoints = []}) 7 "7"),Lit (SrcSpanInfo {srcInfoSpan = SrcSpan "tests/examples/UnicodeRelational.hs" 18 33 18 34, srcInfoPoints = []}) (Int (SrcSpanInfo {srcInfoSpan = SrcSpan "tests/examples/UnicodeRelational.hs" 18 33 18 34, srcInfoPoints = []}) 8 "8")]))) Nothing]) (InfixApp (SrcSpanInfo {srcInfoSpan = SrcSpan "tests/examples/UnicodeRelational.hs" 19 8 19 40, srcInfoPoints = []}) (Var (SrcSpanInfo {srcInfoSpan = SrcSpan "tests/examples/UnicodeRelational.hs" 19 8 19 10, srcInfoPoints = []}) (UnQual (SrcSpanInfo {srcInfoSpan = SrcSpan "tests/examples/UnicodeRelational.hs" 19 8 19 10, srcInfoPoints = []}) (Ident (SrcSpanInfo {srcInfoSpan = SrcSpan "tests/examples/UnicodeRelational.hs" 19 8 19 10, srcInfoPoints = []}) "b\8321"))) (QVarOp (SrcSpanInfo {srcInfoSpan = SrcSpan "tests/examples/UnicodeRelational.hs" 19 11 19 13, srcInfoPoints = []}) (UnQual (SrcSpanInfo {srcInfoSpan = SrcSpan "tests/examples/UnicodeRelational.hs" 19 11 19 13, srcInfoPoints = []}) (Symbol (SrcSpanInfo {srcInfoSpan = SrcSpan "tests/examples/UnicodeRelational.hs" 19 11 19 13, srcInfoPoints = []}) "||"))) (InfixApp (SrcSpanInfo {srcInfoSpan = SrcSpan "tests/examples/UnicodeRelational.hs" 19 14 19 40, srcInfoPoints = []}) (Var (SrcSpanInfo {srcInfoSpan = SrcSpan "tests/examples/UnicodeRelational.hs" 19 14 19 16, srcInfoPoints = []}) (UnQual (SrcSpanInfo {srcInfoSpan = SrcSpan "tests/examples/UnicodeRelational.hs" 19 14 19 16, srcInfoPoints = []}) (Ident (SrcSpanInfo {srcInfoSpan = SrcSpan "tests/examples/UnicodeRelational.hs" 19 14 19 16, srcInfoPoints = []}) "b\8322"))) (QVarOp (SrcSpanInfo {srcInfoSpan = SrcSpan "tests/examples/UnicodeRelational.hs" 19 17 19 19, srcInfoPoints = []}) (UnQual (SrcSpanInfo {srcInfoSpan = SrcSpan "tests/examples/UnicodeRelational.hs" 19 17 19 19, srcInfoPoints = []}) (Symbol (SrcSpanInfo {srcInfoSpan = SrcSpan "tests/examples/UnicodeRelational.hs" 19 17 19 19, srcInfoPoints = []}) "||"))) (InfixApp (SrcSpanInfo {srcInfoSpan = SrcSpan "tests/examples/UnicodeRelational.hs" 19 20 19 40, srcInfoPoints = []}) (Var (SrcSpanInfo {srcInfoSpan = SrcSpan "tests/examples/UnicodeRelational.hs" 19 20 19 22, srcInfoPoints = []}) (UnQual (SrcSpanInfo {srcInfoSpan = SrcSpan "tests/examples/UnicodeRelational.hs" 19 20 19 22, srcInfoPoints = []}) (Ident (SrcSpanInfo {srcInfoSpan = SrcSpan "tests/examples/UnicodeRelational.hs" 19 20 19 22, srcInfoPoints = []}) "b\8323"))) (QVarOp (SrcSpanInfo {srcInfoSpan = SrcSpan "tests/examples/UnicodeRelational.hs" 19 23 19 25, srcInfoPoints = []}) (UnQual (SrcSpanInfo {srcInfoSpan = SrcSpan "tests/examples/UnicodeRelational.hs" 19 23 19 25, srcInfoPoints = []}) (Symbol (SrcSpanInfo {srcInfoSpan = SrcSpan "tests/examples/UnicodeRelational.hs" 19 23 19 25, srcInfoPoints = []}) "||"))) (InfixApp (SrcSpanInfo {srcInfoSpan = SrcSpan "tests/examples/UnicodeRelational.hs" 19 26 19 40, srcInfoPoints = []}) (Var (SrcSpanInfo {srcInfoSpan = SrcSpan "tests/examples/UnicodeRelational.hs" 19 26 19 28, srcInfoPoints = []}) (UnQual (SrcSpanInfo {srcInfoSpan = SrcSpan "tests/examples/UnicodeRelational.hs" 19 26 19 28, srcInfoPoints = []}) (Ident (SrcSpanInfo {srcInfoSpan = SrcSpan "tests/examples/UnicodeRelational.hs" 19 26 19 28, srcInfoPoints = []}) "b\8324"))) (QVarOp (SrcSpanInfo {srcInfoSpan = SrcSpan "tests/examples/UnicodeRelational.hs" 19 29 19 31, srcInfoPoints = []}) (UnQual (SrcSpanInfo {srcInfoSpan = SrcSpan "tests/examples/UnicodeRelational.hs" 19 29 19 31, srcInfoPoints = []}) (Symbol (SrcSpanInfo {srcInfoSpan = SrcSpan "tests/examples/UnicodeRelational.hs" 19 29 19 31, srcInfoPoints = []}) "||"))) (InfixApp (SrcSpanInfo {srcInfoSpan = SrcSpan "tests/examples/UnicodeRelational.hs" 19 32 19 40, srcInfoPoints = []}) (Var (SrcSpanInfo {srcInfoSpan = SrcSpan "tests/examples/UnicodeRelational.hs" 19 32 19 34, srcInfoPoints = []}) (UnQual (SrcSpanInfo {srcInfoSpan = SrcSpan "tests/examples/UnicodeRelational.hs" 19 32 19 34, srcInfoPoints = []}) (Ident (SrcSpanInfo {srcInfoSpan = SrcSpan "tests/examples/UnicodeRelational.hs" 19 32 19 34, srcInfoPoints = []}) "b\8325"))) (QVarOp (SrcSpanInfo {srcInfoSpan = SrcSpan "tests/examples/UnicodeRelational.hs" 19 35 19 37, srcInfoPoints = []}) (UnQual (SrcSpanInfo {srcInfoSpan = SrcSpan "tests/examples/UnicodeRelational.hs" 19 35 19 37, srcInfoPoints = []}) (Symbol (SrcSpanInfo {srcInfoSpan = SrcSpan "tests/examples/UnicodeRelational.hs" 19 35 19 37, srcInfoPoints = []}) "||"))) (Var (SrcSpanInfo {srcInfoSpan = SrcSpan "tests/examples/UnicodeRelational.hs" 19 38 19 40, srcInfoPoints = []}) (UnQual (SrcSpanInfo {srcInfoSpan = SrcSpan "tests/examples/UnicodeRelational.hs" 19 38 19 40, srcInfoPoints = []}) (Ident (SrcSpanInfo {srcInfoSpan = SrcSpan "tests/examples/UnicodeRelational.hs" 19 38 19 40, srcInfoPoints = []}) "b\8326")))))))))) Nothing]],[])
