ParseOk
  ( Module
      SrcSpanInfo
        { srcInfoSpan =
            SrcSpan "tests/examples/THTypedSplices/Defs.hs" 1 1 9 1
        , srcInfoPoints =
            [ SrcSpan "tests/examples/THTypedSplices/Defs.hs" 1 1 1 1
            , SrcSpan "tests/examples/THTypedSplices/Defs.hs" 3 1 3 1
            , SrcSpan "tests/examples/THTypedSplices/Defs.hs" 3 1 3 1
            , SrcSpan "tests/examples/THTypedSplices/Defs.hs" 5 1 5 1
            , SrcSpan "tests/examples/THTypedSplices/Defs.hs" 7 1 7 1
            , SrcSpan "tests/examples/THTypedSplices/Defs.hs" 8 1 8 1
            , SrcSpan "tests/examples/THTypedSplices/Defs.hs" 9 1 9 1
            , SrcSpan "tests/examples/THTypedSplices/Defs.hs" 9 1 9 1
            ]
        }
      (Just
         (ModuleHead
            SrcSpanInfo
              { srcInfoSpan =
                  SrcSpan "tests/examples/THTypedSplices/Defs.hs" 3 1 3 38
              , srcInfoPoints =
                  [ SrcSpan "tests/examples/THTypedSplices/Defs.hs" 3 1 3 7
                  , SrcSpan "tests/examples/THTypedSplices/Defs.hs" 3 33 3 38
                  ]
              }
            (ModuleName
               SrcSpanInfo
                 { srcInfoSpan =
                     SrcSpan "tests/examples/THTypedSplices/Defs.hs" 3 8 3 32
                 , srcInfoPoints = []
                 }
               "Language.Haskell.TH.Defs")
            Nothing
            Nothing))
      [ LanguagePragma
          SrcSpanInfo
            { srcInfoSpan =
                SrcSpan "tests/examples/THTypedSplices/Defs.hs" 1 1 1 33
            , srcInfoPoints =
                [ SrcSpan "tests/examples/THTypedSplices/Defs.hs" 1 1 1 13
                , SrcSpan "tests/examples/THTypedSplices/Defs.hs" 1 30 1 33
                ]
            }
          [ Ident
              SrcSpanInfo
                { srcInfoSpan =
                    SrcSpan "tests/examples/THTypedSplices/Defs.hs" 1 14 1 29
                , srcInfoPoints = []
                }
              "TemplateHaskell"
          ]
      ]
      [ ImportDecl
          { importAnn =
              SrcSpanInfo
                { srcInfoSpan =
                    SrcSpan "tests/examples/THTypedSplices/Defs.hs" 5 1 5 27
                , srcInfoPoints =
                    [ SrcSpan "tests/examples/THTypedSplices/Defs.hs" 5 1 5 7 ]
                }
          , importModule =
              ModuleName
                SrcSpanInfo
                  { srcInfoSpan =
                      SrcSpan "tests/examples/THTypedSplices/Defs.hs" 5 8 5 27
                  , srcInfoPoints = []
                  }
                "Language.Haskell.TH"
          , importQualified = False
          , importSrc = False
          , importSafe = False
          , importPkg = Nothing
          , importAs = Nothing
          , importSpecs = Nothing
          }
      ]
      [ TypeSig
          SrcSpanInfo
            { srcInfoSpan =
                SrcSpan "tests/examples/THTypedSplices/Defs.hs" 7 1 7 38
            , srcInfoPoints =
                [ SrcSpan "tests/examples/THTypedSplices/Defs.hs" 7 8 7 10 ]
            }
          [ Ident
              SrcSpanInfo
                { srcInfoSpan =
                    SrcSpan "tests/examples/THTypedSplices/Defs.hs" 7 1 7 7
                , srcInfoPoints = []
                }
              "justTH"
          ]
          (TyApp
             SrcSpanInfo
               { srcInfoSpan =
                   SrcSpan "tests/examples/THTypedSplices/Defs.hs" 7 11 7 38
               , srcInfoPoints = []
               }
             (TyCon
                SrcSpanInfo
                  { srcInfoSpan =
                      SrcSpan "tests/examples/THTypedSplices/Defs.hs" 7 11 7 12
                  , srcInfoPoints = []
                  }
                (UnQual
                   SrcSpanInfo
                     { srcInfoSpan =
                         SrcSpan "tests/examples/THTypedSplices/Defs.hs" 7 11 7 12
                     , srcInfoPoints = []
                     }
                   (Ident
                      SrcSpanInfo
                        { srcInfoSpan =
                            SrcSpan "tests/examples/THTypedSplices/Defs.hs" 7 11 7 12
                        , srcInfoPoints = []
                        }
                      "Q")))
             (TyParen
                SrcSpanInfo
                  { srcInfoSpan =
                      SrcSpan "tests/examples/THTypedSplices/Defs.hs" 7 13 7 38
                  , srcInfoPoints =
                      [ SrcSpan "tests/examples/THTypedSplices/Defs.hs" 7 13 7 14
                      , SrcSpan "tests/examples/THTypedSplices/Defs.hs" 7 37 7 38
                      ]
                  }
                (TyApp
                   SrcSpanInfo
                     { srcInfoSpan =
                         SrcSpan "tests/examples/THTypedSplices/Defs.hs" 7 14 7 37
                     , srcInfoPoints = []
                     }
                   (TyCon
                      SrcSpanInfo
                        { srcInfoSpan =
                            SrcSpan "tests/examples/THTypedSplices/Defs.hs" 7 14 7 18
                        , srcInfoPoints = []
                        }
                      (UnQual
                         SrcSpanInfo
                           { srcInfoSpan =
                               SrcSpan "tests/examples/THTypedSplices/Defs.hs" 7 14 7 18
                           , srcInfoPoints = []
                           }
                         (Ident
                            SrcSpanInfo
                              { srcInfoSpan =
                                  SrcSpan "tests/examples/THTypedSplices/Defs.hs" 7 14 7 18
                              , srcInfoPoints = []
                              }
                            "TExp")))
                   (TyParen
                      SrcSpanInfo
                        { srcInfoSpan =
                            SrcSpan "tests/examples/THTypedSplices/Defs.hs" 7 19 7 37
                        , srcInfoPoints =
                            [ SrcSpan "tests/examples/THTypedSplices/Defs.hs" 7 19 7 20
                            , SrcSpan "tests/examples/THTypedSplices/Defs.hs" 7 36 7 37
                            ]
                        }
                      (TyFun
                         SrcSpanInfo
                           { srcInfoSpan =
                               SrcSpan "tests/examples/THTypedSplices/Defs.hs" 7 20 7 36
                           , srcInfoPoints =
                               [ SrcSpan "tests/examples/THTypedSplices/Defs.hs" 7 24 7 26 ]
                           }
                         (TyCon
                            SrcSpanInfo
                              { srcInfoSpan =
                                  SrcSpan "tests/examples/THTypedSplices/Defs.hs" 7 20 7 23
                              , srcInfoPoints = []
                              }
                            (UnQual
                               SrcSpanInfo
                                 { srcInfoSpan =
                                     SrcSpan "tests/examples/THTypedSplices/Defs.hs" 7 20 7 23
                                 , srcInfoPoints = []
                                 }
                               (Ident
                                  SrcSpanInfo
                                    { srcInfoSpan =
                                        SrcSpan "tests/examples/THTypedSplices/Defs.hs" 7 20 7 23
                                    , srcInfoPoints = []
                                    }
                                  "Int")))
                         (TyApp
                            SrcSpanInfo
                              { srcInfoSpan =
                                  SrcSpan "tests/examples/THTypedSplices/Defs.hs" 7 27 7 36
                              , srcInfoPoints = []
                              }
                            (TyCon
                               SrcSpanInfo
                                 { srcInfoSpan =
                                     SrcSpan "tests/examples/THTypedSplices/Defs.hs" 7 27 7 32
                                 , srcInfoPoints = []
                                 }
                               (UnQual
                                  SrcSpanInfo
                                    { srcInfoSpan =
                                        SrcSpan "tests/examples/THTypedSplices/Defs.hs" 7 27 7 32
                                    , srcInfoPoints = []
                                    }
                                  (Ident
                                     SrcSpanInfo
                                       { srcInfoSpan =
                                           SrcSpan "tests/examples/THTypedSplices/Defs.hs" 7 27 7 32
                                       , srcInfoPoints = []
                                       }
                                     "Maybe")))
                            (TyCon
                               SrcSpanInfo
                                 { srcInfoSpan =
                                     SrcSpan "tests/examples/THTypedSplices/Defs.hs" 7 33 7 36
                                 , srcInfoPoints = []
                                 }
                               (UnQual
                                  SrcSpanInfo
                                    { srcInfoSpan =
                                        SrcSpan "tests/examples/THTypedSplices/Defs.hs" 7 33 7 36
                                    , srcInfoPoints = []
                                    }
                                  (Ident
                                     SrcSpanInfo
                                       { srcInfoSpan =
                                           SrcSpan "tests/examples/THTypedSplices/Defs.hs" 7 33 7 36
                                       , srcInfoPoints = []
                                       }
                                     "Int")))))))))
      , PatBind
          SrcSpanInfo
            { srcInfoSpan =
                SrcSpan "tests/examples/THTypedSplices/Defs.hs" 8 1 8 22
            , srcInfoPoints = []
            }
          (PVar
             SrcSpanInfo
               { srcInfoSpan =
                   SrcSpan "tests/examples/THTypedSplices/Defs.hs" 8 1 8 7
               , srcInfoPoints = []
               }
             (Ident
                SrcSpanInfo
                  { srcInfoSpan =
                      SrcSpan "tests/examples/THTypedSplices/Defs.hs" 8 1 8 7
                  , srcInfoPoints = []
                  }
                "justTH"))
          (UnGuardedRhs
             SrcSpanInfo
               { srcInfoSpan =
                   SrcSpan "tests/examples/THTypedSplices/Defs.hs" 8 8 8 22
               , srcInfoPoints =
                   [ SrcSpan "tests/examples/THTypedSplices/Defs.hs" 8 8 8 9 ]
               }
             (BracketExp
                SrcSpanInfo
                  { srcInfoSpan =
                      SrcSpan "tests/examples/THTypedSplices/Defs.hs" 8 10 8 22
                  , srcInfoPoints =
                      [ SrcSpan "tests/examples/THTypedSplices/Defs.hs" 8 10 8 13
                      , SrcSpan "tests/examples/THTypedSplices/Defs.hs" 8 19 8 22
                      ]
                  }
                (TExpBracket
                   SrcSpanInfo
                     { srcInfoSpan =
                         SrcSpan "tests/examples/THTypedSplices/Defs.hs" 8 10 8 22
                     , srcInfoPoints =
                         [ SrcSpan "tests/examples/THTypedSplices/Defs.hs" 8 10 8 13
                         , SrcSpan "tests/examples/THTypedSplices/Defs.hs" 8 19 8 22
                         ]
                     }
                   (Con
                      SrcSpanInfo
                        { srcInfoSpan =
                            SrcSpan "tests/examples/THTypedSplices/Defs.hs" 8 14 8 18
                        , srcInfoPoints = []
                        }
                      (UnQual
                         SrcSpanInfo
                           { srcInfoSpan =
                               SrcSpan "tests/examples/THTypedSplices/Defs.hs" 8 14 8 18
                           , srcInfoPoints = []
                           }
                         (Ident
                            SrcSpanInfo
                              { srcInfoSpan =
                                  SrcSpan "tests/examples/THTypedSplices/Defs.hs" 8 14 8 18
                              , srcInfoPoints = []
                              }
                            "Just"))))))
          Nothing
      ]
  , []
  )
